../Core/Src/main.c:80:5:main	8	static
../Core/Src/main.c:134:6:SystemClock_Config	88	static
../Core/Src/main.c:180:13:MX_ADC1_Init	56	static
../Core/Src/main.c:266:13:MX_LPUART1_UART_Init	8	static
../Core/Src/main.c:313:13:MX_TIM2_Init	40	static
../Core/Src/main.c:358:13:MX_TIM3_Init	40	static
../Core/Src/main.c:401:13:MX_DMA_Init	16	static
../Core/Src/main.c:420:13:MX_GPIO_Init	48	static
../Core/Src/main.c:458:6:HAL_TIM_PeriodElapsedCallback	16	static
../Core/Src/main.c:466:6:Micros	4	static
../Core/Src/main.c:476:6:Error_Handler	4	static,ignoring_inline_asm
